hduser1@DBMSLAB-A3-305-05:~$ start-all.sh
This script is Deprecated. Instead use start-dfs.sh and start-yarn.sh
19/12/28 09:15:22 WARN util.NativeCodeLoader: Unable to load native-hadoop library for your platform... using builtin-java classes where applicable
Starting namenodes on [localhost]
localhost: starting namenode, logging to /usr/local/hadoop/logs/hadoop-hduser1-namenode-DBMSLAB-A3-305-05.out
localhost: starting datanode, logging to /usr/local/hadoop/logs/hadoop-hduser1-datanode-DBMSLAB-A3-305-05.out
Starting secondary namenodes [0.0.0.0]
0.0.0.0: starting secondarynamenode, logging to /usr/local/hadoop/logs/hadoop-hduser1-secondarynamenode-DBMSLAB-A3-305-05.out
19/12/28 09:15:37 WARN util.NativeCodeLoader: Unable to load native-hadoop library for your platform... using builtin-java classes where applicable
starting yarn daemons
starting resourcemanager, logging to /usr/local/hadoop/logs/yarn-hduser1-resourcemanager-DBMSLAB-A3-305-05.out
localhost: starting nodemanager, logging to /usr/local/hadoop/logs/yarn-hduser1-nodemanager-DBMSLAB-A3-305-05.out
hduser1@DBMSLAB-A3-305-05:~$ jps
7441 NameNode
8308 NodeManager
7819 SecondaryNameNode
7611 DataNode
5723 org.eclipse.equinox.launcher_1.4.0.v20161219-1356.jar
8539 Jps
7998 ResourceManager
hduser1@DBMSLAB-A3-305-05:~$ hadoop dfs -mkdir -p /usr/local/hadoop/animesh
DEPRECATED: Use of this script to execute hdfs command is deprecated.
Instead use the hdfs command for it.

19/12/28 09:24:10 WARN util.NativeCodeLoader: Unable to load native-hadoop library for your platform... using builtin-java classes where applicable
hduser1@DBMSLAB-A3-305-05:~$ hadoop dfs -copyFromLocal /home/hduser1/33131/input/file1 /usr/local/hadoop/animesh/input
DEPRECATED: Use of this script to execute hdfs command is deprecated.
Instead use the hdfs command for it.

19/12/28 09:31:47 WARN util.NativeCodeLoader: Unable to load native-hadoop library for your platform... using builtin-java classes where applicable
hduser1@DBMSLAB-A3-305-05:~$ hadoop dfs -copyFromLocal /home/hduser1/33131/input/file2 /usr/local/hadoop/animesh/input
DEPRECATED: Use of this script to execute hdfs command is deprecated.
Instead use the hdfs command for it.

19/12/28 09:31:54 WARN util.NativeCodeLoader: Unable to load native-hadoop library for your platform... using builtin-java classes where applicable
copyFromLocal: `/usr/local/hadoop/animesh/input': File exists
hduser1@DBMSLAB-A3-305-05:~$ hadoop dfs -copyFromLocal /home/hduser1/33131/input/file1 /usr/local/hadoop/animesh/input
DEPRECATED: Use of this script to execute hdfs command is deprecated.
Instead use the hdfs command for it.

19/12/28 09:32:55 WARN util.NativeCodeLoader: Unable to load native-hadoop library for your platform... using builtin-java classes where applicable
copyFromLocal: `/usr/local/hadoop/animesh/input': File exists
hduser1@DBMSLAB-A3-305-05:~$ hadoop dfs -copyFromLocal /home/hduser1/33131/input/file2 /usr/local/hadoop/animesh/input
DEPRECATED: Use of this script to execute hdfs command is deprecated.
Instead use the hdfs command for it.

19/12/28 09:33:10 WARN util.NativeCodeLoader: Unable to load native-hadoop library for your platform... using builtin-java classes where applicable
copyFromLocal: `/usr/local/hadoop/animesh/input': File exists
hduser1@DBMSLAB-A3-305-05:~$ hadoop dfs -copyFromLocal /home/hduser1/33131/input/file1/ /usr/local/hadoop/animesh/input
DEPRECATED: Use of this script to execute hdfs command is deprecated.
Instead use the hdfs command for it.

19/12/28 09:33:59 WARN util.NativeCodeLoader: Unable to load native-hadoop library for your platform... using builtin-java classes where applicable
copyFromLocal: `/usr/local/hadoop/animesh/input': File exists
hduser1@DBMSLAB-A3-305-05:~$ hadoop dfs -mkdir -p /usr/local/hadoop/animesh/input
DEPRECATED: Use of this script to execute hdfs command is deprecated.
Instead use the hdfs command for it.

19/12/28 09:36:23 WARN util.NativeCodeLoader: Unable to load native-hadoop library for your platform... using builtin-java classes where applicable
mkdir: `/usr/local/hadoop/animesh/input': Is not a directory
hduser1@DBMSLAB-A3-305-05:~$ hadoop dfs -rm -p /usr/local/hadoop/animesh/input
DEPRECATED: Use of this script to execute hdfs command is deprecated.
Instead use the hdfs command for it.

-rm: Illegal option -p
Usage: hadoop fs [generic options]
	[-appendToFile <localsrc> ... <dst>]
	[-cat [-ignoreCrc] <src> ...]
	[-checksum <src> ...]
	[-chgrp [-R] GROUP PATH...]
	[-chmod [-R] <MODE[,MODE]... | OCTALMODE> PATH...]
	[-chown [-R] [OWNER][:[GROUP]] PATH...]
	[-copyFromLocal [-f] [-p] [-l] [-d] <localsrc> ... <dst>]
	[-copyToLocal [-f] [-p] [-ignoreCrc] [-crc] <src> ... <localdst>]
	[-count [-q] [-h] [-v] [-t [<storage type>]] [-u] [-x] <path> ...]
	[-cp [-f] [-p | -p[topax]] [-d] <src> ... <dst>]
	[-createSnapshot <snapshotDir> [<snapshotName>]]
	[-deleteSnapshot <snapshotDir> <snapshotName>]
	[-df [-h] [<path> ...]]
	[-du [-s] [-h] [-x] <path> ...]
	[-expunge]
	[-find <path> ... <expression> ...]
	[-get [-f] [-p] [-ignoreCrc] [-crc] <src> ... <localdst>]
	[-getfacl [-R] <path>]
	[-getfattr [-R] {-n name | -d} [-e en] <path>]
	[-getmerge [-nl] [-skip-empty-file] <src> <localdst>]
	[-help [cmd ...]]
	[-ls [-C] [-d] [-h] [-q] [-R] [-t] [-S] [-r] [-u] [<path> ...]]
	[-mkdir [-p] <path> ...]
	[-moveFromLocal <localsrc> ... <dst>]
	[-moveToLocal <src> <localdst>]
	[-mv <src> ... <dst>]
	[-put [-f] [-p] [-l] [-d] <localsrc> ... <dst>]
	[-renameSnapshot <snapshotDir> <oldName> <newName>]
	[-rm [-f] [-r|-R] [-skipTrash] [-safely] <src> ...]
	[-rmdir [--ignore-fail-on-non-empty] <dir> ...]
	[-setfacl [-R] [{-b|-k} {-m|-x <acl_spec>} <path>]|[--set <acl_spec> <path>]]
	[-setfattr {-n name [-v value] | -x name} <path>]
	[-setrep [-R] [-w] <rep> <path> ...]
	[-stat [format] <path> ...]
	[-tail [-f] <file>]
	[-test -[defsz] <path>]
	[-text [-ignoreCrc] <src> ...]
	[-touchz <path> ...]
	[-truncate [-w] <length> <path> ...]
	[-usage [cmd ...]]

Generic options supported are
-conf <configuration file>     specify an application configuration file
-D <property=value>            use value for given property
-fs <file:///|hdfs://namenode:port> specify default filesystem URL to use, overrides 'fs.defaultFS' property from configurations.
-jt <local|resourcemanager:port>    specify a ResourceManager
-files <comma separated list of files>    specify comma separated files to be copied to the map reduce cluster
-libjars <comma separated list of jars>    specify comma separated jar files to include in the classpath.
-archives <comma separated list of archives>    specify comma separated archives to be unarchived on the compute machines.

The general command line syntax is
command [genericOptions] [commandOptions]

Usage: hadoop fs [generic options] -rm [-f] [-r|-R] [-skipTrash] [-safely] <src> ...
hduser1@DBMSLAB-A3-305-05:~$ hadoop dfs -rmdir /usr/local/hadoop/animesh/input
DEPRECATED: Use of this script to execute hdfs command is deprecated.
Instead use the hdfs command for it.

19/12/28 09:36:49 WARN util.NativeCodeLoader: Unable to load native-hadoop library for your platform... using builtin-java classes where applicable
rmdir: `/usr/local/hadoop/animesh/input': Is not a directory
hduser1@DBMSLAB-A3-305-05:~$ hadoop dfs -rm -r /usr/local/hadoop/animesh/input
DEPRECATED: Use of this script to execute hdfs command is deprecated.
Instead use the hdfs command for it.

19/12/28 09:37:25 WARN util.NativeCodeLoader: Unable to load native-hadoop library for your platform... using builtin-java classes where applicable
Deleted /usr/local/hadoop/animesh/input
hduser1@DBMSLAB-A3-305-05:~$ hadoop dfs -mkdir -p /usr/local/hadoop/animesh/input
DEPRECATED: Use of this script to execute hdfs command is deprecated.
Instead use the hdfs command for it.

19/12/28 09:37:37 WARN util.NativeCodeLoader: Unable to load native-hadoop library for your platform... using builtin-java classes where applicable
hduser1@DBMSLAB-A3-305-05:~$ hadoop dfs -copyFromLocal /home/hduser1/33131/input/file1 /usr/local/hadoop/animesh/input
DEPRECATED: Use of this script to execute hdfs command is deprecated.
Instead use the hdfs command for it.

19/12/28 09:37:55 WARN util.NativeCodeLoader: Unable to load native-hadoop library for your platform... using builtin-java classes where applicable
hduser1@DBMSLAB-A3-305-05:~$ hadoop dfs -copyFromLocal /home/hduser1/33131/input/file2 /usr/local/hadoop/animesh/input
DEPRECATED: Use of this script to execute hdfs command is deprecated.
Instead use the hdfs command for it.

19/12/28 09:38:04 WARN util.NativeCodeLoader: Unable to load native-hadoop library for your platform... using builtin-java classes where applicable
hduser1@DBMSLAB-A3-305-05:~$ hadoop jar /home/hduser1/33131/wc.jar /usr/local/hadoop/animesh/output
19/12/28 09:39:51 WARN util.NativeCodeLoader: Unable to load native-hadoop library for your platform... using builtin-java classes where applicable
Exception in thread "main" java.lang.ArrayIndexOutOfBoundsException: 1
	at WordCount.main(WordCount.java:51)
	at sun.reflect.NativeMethodAccessorImpl.invoke0(Native Method)
	at sun.reflect.NativeMethodAccessorImpl.invoke(NativeMethodAccessorImpl.java:62)
	at sun.reflect.DelegatingMethodAccessorImpl.invoke(DelegatingMethodAccessorImpl.java:43)
	at java.lang.reflect.Method.invoke(Method.java:498)
	at org.apache.hadoop.util.RunJar.run(RunJar.java:234)
	at org.apache.hadoop.util.RunJar.main(RunJar.java:148)
hduser1@DBMSLAB-A3-305-05:~$ hadoop jar /home/hduser1/33131/wc.jar /usr/local/hadoop/animesh/input /usr/local/hadoop/animesh/output
19/12/28 09:40:19 WARN util.NativeCodeLoader: Unable to load native-hadoop library for your platform... using builtin-java classes where applicable
19/12/28 09:40:19 INFO client.RMProxy: Connecting to ResourceManager at /0.0.0.0:8032
19/12/28 09:40:20 INFO client.RMProxy: Connecting to ResourceManager at /0.0.0.0:8032
19/12/28 09:40:20 WARN mapreduce.JobResourceUploader: Hadoop command-line option parsing not performed. Implement the Tool interface and execute your application with ToolRunner to remedy this.
19/12/28 09:40:20 INFO mapred.FileInputFormat: Total input files to process : 2
19/12/28 09:40:20 INFO mapreduce.JobSubmitter: number of splits:2
19/12/28 09:40:21 INFO mapreduce.JobSubmitter: Submitting tokens for job: job_1577504738456_0001
19/12/28 09:40:21 INFO impl.YarnClientImpl: Submitted application application_1577504738456_0001
19/12/28 09:40:21 INFO mapreduce.Job: The url to track the job: http://localhost:8088/proxy/application_1577504738456_0001/
19/12/28 09:40:21 INFO mapreduce.Job: Running job: job_1577504738456_0001
19/12/28 09:40:26 INFO mapreduce.Job: Job job_1577504738456_0001 running in uber mode : false
19/12/28 09:40:26 INFO mapreduce.Job:  map 0% reduce 0%
19/12/28 09:40:29 INFO mapreduce.Job:  map 100% reduce 0%
19/12/28 09:40:33 INFO mapreduce.Job:  map 100% reduce 100%
19/12/28 09:40:34 INFO mapreduce.Job: Job job_1577504738456_0001 completed successfully
19/12/28 09:40:34 INFO mapreduce.Job: Counters: 49
	File System Counters
		FILE: Number of bytes read=143
		FILE: Number of bytes written=473157
		FILE: Number of read operations=0
		FILE: Number of large read operations=0
		FILE: Number of write operations=0
		HDFS: Number of bytes read=299
		HDFS: Number of bytes written=62
		HDFS: Number of read operations=9
		HDFS: Number of large read operations=0
		HDFS: Number of write operations=2
	Job Counters 
		Launched map tasks=2
		Launched reduce tasks=1
		Data-local map tasks=2
		Total time spent by all maps in occupied slots (ms)=2818
		Total time spent by all reduces in occupied slots (ms)=1460
		Total time spent by all map tasks (ms)=2818
		Total time spent by all reduce tasks (ms)=1460
		Total vcore-milliseconds taken by all map tasks=2818
		Total vcore-milliseconds taken by all reduce tasks=1460
		Total megabyte-milliseconds taken by all map tasks=2885632
		Total megabyte-milliseconds taken by all reduce tasks=1495040
	Map-Reduce Framework
		Map input records=2
		Map output records=10
		Map output bytes=117
		Map output materialized bytes=149
		Input split bytes=222
		Combine input records=10
		Combine output records=10
		Reduce input groups=6
		Reduce shuffle bytes=149
		Reduce input records=10
		Reduce output records=6
		Spilled Records=20
		Shuffled Maps =2
		Failed Shuffles=0
		Merged Map outputs=2
		GC time elapsed (ms)=115
		CPU time spent (ms)=830
		Physical memory (bytes) snapshot=718172160
		Virtual memory (bytes) snapshot=5930086400
		Total committed heap usage (bytes)=520093696
	Shuffle Errors
		BAD_ID=0
		CONNECTION=0
		IO_ERROR=0
		WRONG_LENGTH=0
		WRONG_MAP=0
		WRONG_REDUCE=0
	File Input Format Counters 
		Bytes Read=77
	File Output Format Counters 
		Bytes Written=62
hduser1@DBMSLAB-A3-305-05:~$ hadoop dfs -cat /usr/local/hadoop/animesh/output/part-0000
DEPRECATED: Use of this script to execute hdfs command is deprecated.
Instead use the hdfs command for it.

19/12/28 09:42:35 WARN util.NativeCodeLoader: Unable to load native-hadoop library for your platform... using builtin-java classes where applicable
cat: `/usr/local/hadoop/animesh/output/part-0000': No such file or directory
hduser1@DBMSLAB-A3-305-05:~$ hadoop dfs -cat /usr/local/hadoop/animesh/output/part-00000
DEPRECATED: Use of this script to execute hdfs command is deprecated.
Instead use the hdfs command for it.

19/12/28 09:42:48 WARN util.NativeCodeLoader: Unable to load native-hadoop library for your platform... using builtin-java classes where applicable
Computer	2
Engineering	1
Institute	2
Pune	2
Technology	1
of	2
hduser1@DBMSLAB-A3-305-05:~$ 

